// Jest Snapshot v1, https://goo.gl/fbAQLP

exports[`Pruebas en <GifGridItem /> Debe de mostrar <GifGridItem />  correctamente 1`] = `
<div
  className="card animate__animated animate__fadeIn"
>
  <img
    alt="Title example"
    src="test.com"
  />
  <p>
    Title example
  </p>
</div>
`;
